main.c:103:6:setTimer0	16	static
main.c:108:6:setTimer1	16	static
main.c:113:6:setTimer2	16	static
main.c:118:6:timer_run	4	static
main.c:148:6:displayLEDMatrix	16	static
main.c:160:6:clearLEDMatrix	8	static
main.c:181:6:updateLEDMatrix	16	static
main.c:240:5:main	8	static
main.c:336:6:SystemClock_Config	72	static
main.c:372:13:MX_TIM2_Init	32	static
main.c:417:13:MX_GPIO_Init	40	static
main.c:467:6:HAL_TIM_PeriodElapsedCallback	16	static
main.c:472:6:display7SEG	16	static
main.c:483:6:update7SEG	16	static
main.c:511:6:updateClockBuffer	4	static
main.c:518:6:FSM	8	static
main.c:605:6:Error_Handler	4	static,ignoring_inline_asm
